[distinguishedbroker.com/index.html]
[backblue.gif]
[fade.gif]
[index.html]
[distinguishedbroker.com/assets/images/logoIcon/favicon.png]
[distinguishedbroker.com/assets/images/logoIcon/logo.png]
[distinguishedbroker.com/assets/images/seo/632b48fe9e22f1663781118.png]
[distinguishedbroker.com/assets/templates/minimal/asets/css/plugins/font-awesome.min.css]
[distinguishedbroker.com/assets/templates/minimal/asets/css/vendor/bootstrap.min.css]
[distinguishedbroker.com/assets/templates/minimal/asets/css/plugins/swiper-bundle.min.css]
[distinguishedbroker.com/assets/templates/minimal/asets/css/plugins/animate.min.css]
[distinguishedbroker.com/assets/templates/minimal/asets/css/plugins/odometer-theme-default.min.css]
[distinguishedbroker.com/assets/templates/minimal/asets/css/plugins/fancybox.min.css]
[distinguishedbroker.com/assets/templates/minimal/asets/css/plugins/magnific-pupup.css]
[distinguishedbroker.com/assets/templates/minimal/css/all.min.css]
[distinguishedbroker.com/assets/templates/minimal/asets/css/style.css]
[distinguishedbroker.com/assets/templates/minimal/css/nice-select.css]
[distinguishedbroker.com/assets/templates/minimal/css/owl.min.css]
[distinguishedbroker.com/assets/templates/minimal/blue/css/owl.theme.default.min.css]
[distinguishedbroker.com/assets/admin/css/iziToast.min.css]
[distinguishedbroker.com/assets/templates/minimal/css/main.css]
[distinguishedbroker.com/plan.html]
[distinguishedbroker.com/aboutus.html]
[distinguishedbroker.com/contact.html]
[distinguishedbroker.com/services.html]
[distinguishedbroker.com/user/login.html]
[distinguishedbroker.com/user/register.html]
[translate.yandex.net/website-widget/v1/widgetfbbe.js]
[distinguishedbroker.com/assets/templates/minimal/asets/images/slider/shape-1.png]
[distinguishedbroker.com/assets/templates/minimal/asets/images/slider/shape-2.png]
[distinguishedbroker.com/assets/templates/minimal/asets/images/slider/shape-3.png]
[distinguishedbroker.com/assets/templates/minimal/asets/images/slider/shape-4.png]
[distinguishedbroker.com/assets/templates/minimal/asets/images/slider/shape-5.png]
[distinguishedbroker.com/assets/templates/minimal/asets/images/slider/shape-6.png]
[distinguishedbroker.com/assets/templates/minimal/asets/images/slider/shape-7.png]
[distinguishedbroker.com/assets/templates/minimal/asets/images/slider/shape-8.png]
[distinguishedbroker.com/assets/templates/minimal/asets/images/slider/shape-9.png]
[distinguishedbroker.com/assets/templates/minimal/asets/images/slider/shape-10.png]
[distinguishedbroker.com/assets/templates/minimal/asets/images/pictures_1.jpg]
[distinguishedbroker.com/assets/templates/minimal/asets/images/pictures_2.jpg]
[distinguishedbroker.com/assets/templates/minimal/asets/images/slider/circle.png]
[distinguishedbroker.com/assets/templates/minimal/asets/images/pictures_3.jpg]
[distinguishedbroker.com/assets/templates/minimal/asets/images/pictures_5.jpg]
[distinguishedbroker.com/assets/templates/minimal/asets/images/pictures_4.jpg]
[distinguishedbroker.com/assets/templates/minimal/asets/images/pictures_6.jpg]
[distinguishedbroker.com/assets/templates/minimal/asets/images/icons/icon-3.png]
[distinguishedbroker.com/assets/templates/minimal/asets/images/icons/icon-4.png]
[distinguishedbroker.com/assets/templates/minimal/asets/images/icons/icon-5.png]
[distinguishedbroker.com/assets/templates/minimal/asets/images/icons/icon-6.png]
[distinguishedbroker.com/assets/templates/minimal/asets/images/pictures_10.jpg]
[distinguishedbroker.com/assets/templates/minimal/asets/images/service/shape-one.png]
[cdn.jsdelivr.net/gh/coinponent/coinponent@1.2.6/dist/coinponent.js]
[distinguishedbroker.com/assets/templates/minimal/asets/images/pictures_8.jpg]
[distinguishedbroker.com/service-details.32.delayed]
[distinguishedbroker.com/assets/templates/minimal/asets/images/pictures_7.jpg]
[distinguishedbroker.com/assets/templates/minimal/asets/images/about/shape-one.png]
[distinguishedbroker.com/assets/templates/minimal/asets/images/about/shape-two.png]
[distinguishedbroker.com/assets/templates/minimal/asets/images/icons/icon-1.png]
[distinguishedbroker.com/assets/templates/minimal/asets/images/icons/icon-2.png]
[distinguishedbroker.com/assets/templates/minimal/blue/images/slider/corporate profile.html]
[distinguishedbroker.com/assets/templates/minimal/blue/images/slider/rep_profile.pdf]
[distinguishedbroker.com/assets/templates/minimal/asets/images/quote/quote-1.png]
[distinguishedbroker.com/assets/templates/minimal/asets/images/quote/quote-2.png]
[distinguishedbroker.com/assets/templates/minimal/asets/images/testimonial/testimonial-one.png]
[distinguishedbroker.com/assets/templates/minimal/asets/images/testimonial/arrow-1.png]
[distinguishedbroker.com/assets/templates/minimal/asets/images/testimonial/arrow-2.png]
[distinguishedbroker.com/assets/images/gateway/62e79e5c7cd881659346524.png]
[distinguishedbroker.com/assets/images/gateway/62e79da971e241659346345.png]
[distinguishedbroker.com/assets/images/gateway/62f61c78845a71660296312.png]
[distinguishedbroker.com/assets/templates/minimal/images/animation/05.png]
[distinguishedbroker.com/assets/templates/minimal/images/animation/11.png]
[distinguishedbroker.com/assets/templates/minimal/images/animation/12.png]
[distinguishedbroker.com/assets/templates/minimal/images/animation/13.png]
[distinguishedbroker.com/assets/templates/minimal/images/animation/14.png]
[distinguishedbroker.com/assets/templates/minimal/asets/images/footer/shape-four.png]
[distinguishedbroker.com/assets/templates/minimal/asets/images/footer/shape-three.png]
[distinguishedbroker.com/rules.html]
[distinguishedbroker.com/assets/templates/minimal/asets/js/vendor/modernizr-3.11.7.min.js]
[distinguishedbroker.com/assets/templates/minimal/asets/js/vendor/jquery-3.6.0.min.js]
[distinguishedbroker.com/assets/templates/minimal/asets/js/vendor/jquery-migrate-3.3.2.min.js]
[distinguishedbroker.com/assets/templates/minimal/asets/js/vendor/bootstrap.min.js]
[distinguishedbroker.com/assets/templates/minimal/asets/js/plugins/magnificpopup.min.js]
[distinguishedbroker.com/assets/templates/minimal/asets/js/plugins/swiper-bundle.min.js]
[distinguishedbroker.com/assets/templates/minimal/asets/js/plugins/tilt.jquery.min.js]
[distinguishedbroker.com/assets/templates/minimal/asets/js/plugins/odometer.min.js]
[distinguishedbroker.com/assets/templates/minimal/asets/js/plugins/isotope.min.js]
[distinguishedbroker.com/assets/templates/minimal/asets/js/plugins/imagesloaded.min.js]
[distinguishedbroker.com/assets/templates/minimal/asets/js/plugins/waypoint.min.js]
[distinguishedbroker.com/assets/templates/minimal/asets/js/plugins/wow.min.js]
[distinguishedbroker.com/assets/templates/minimal/asets/js/plugins/jquery.ajaxchimp.min.js]
[distinguishedbroker.com/assets/templates/minimal/asets/js/main.js]
[distinguishedbroker.com/assets/templates/minimal/asets/js/pages/home.js]
[distinguishedbroker.com/assets/templates/minimal/asets/js/plugins/fancybox.min.js]
[distinguishedbroker.com/assets/templates/minimal/callix/js/popper.min.js]
[distinguishedbroker.com/assets/templates/minimal/callix/js/owl.js]
[distinguishedbroker.com/assets/templates/minimal/callix/js/knob.js]
[distinguishedbroker.com/assets/templates/minimal/callix/js/paroller.js]
[distinguishedbroker.com/assets/templates/minimal/callix/js/tilt.js]
[distinguishedbroker.com/assets/templates/minimal/callix/js/appear.js]
[distinguishedbroker.com/assets/templates/minimal/callix/js/wow.js]
[distinguishedbroker.com/assets/templates/minimal/callix/js/element-in-view.js]
[distinguishedbroker.com/assets/templates/minimal/callix/js/custom-script.js]
[distinguishedbroker.com/assets/templates/minimal/callix/js/jquery-ui.js]
[distinguishedbroker.com/assets/templates/minimal/assets/js/jquery-validate.js]
[distinguishedbroker.com/assets/templates/minimal/assets/js/countto.js]
[distinguishedbroker.com/assets/templates/minimal/assets/js/shortcodes.js]
[distinguishedbroker.com/assets/templates/minimal/assets/js/main.js]
[distinguishedbroker.com/assets/templates/minimal/assets/js/plugin.js]
[distinguishedbroker.com/assets/templates/minimal/blue/js/jquery.counterup.min.js]
[distinguishedbroker.com/assets/templates/minimal/blue/js/waypoints.min.js]
[distinguishedbroker.com/assets/templates/minimal/blue/js/jquery.colorbox.js]
[distinguishedbroker.com/assets/templates/minimal/blue/js/custom.js]
[distinguishedbroker.com/assets/templates/minimal/js/modernizr-3.6.0.min.js]
[distinguishedbroker.com/assets/templates/minimal/js/plugins.js]
[distinguishedbroker.com/assets/templates/minimal/blue/js/raphael-min.js]
[distinguishedbroker.com/assets/templates/minimal/js/bootstrap.min.js]
[distinguishedbroker.com/assets/templates/minimal/js/viewport.jquery.js]
[distinguishedbroker.com/assets/templates/minimal/js/nice-select.js]
[distinguishedbroker.com/assets/admin/js/iziToast.min.js]
[distinguishedbroker.com/assets/templates/minimal/js/main.js]
[distinguishedbroker.com/index.html]
[distinguishedbroker.com/assets/templates/minimal/asets/css/vendor/bootstrap.min.css]
[distinguishedbroker.com/assets/templates/minimal/asets/fonts/fa-brands-400.woff2]
[distinguishedbroker.com/assets/templates/minimal/asets/fonts/fa-brands-400.woff]
[distinguishedbroker.com/assets/templates/minimal/asets/fonts/fa-brands-400d41dd41d.eot]
[distinguishedbroker.com/assets/templates/minimal/asets/fonts/fa-brands-400.ttf]
[distinguishedbroker.com/assets/templates/minimal/asets/fonts/fa-regular-400.eot]
[distinguishedbroker.com/assets/templates/minimal/asets/fonts/fa-regular-400d41dd41d.eot]
[distinguishedbroker.com/assets/templates/minimal/asets/fonts/fa-regular-400.woff2]
[distinguishedbroker.com/assets/templates/minimal/asets/fonts/fa-regular-400.woff]
[distinguishedbroker.com/assets/templates/minimal/asets/fonts/fa-regular-400.ttf]
[distinguishedbroker.com/assets/templates/minimal/asets/fonts/fa-regular-400.svg]
[distinguishedbroker.com/assets/templates/minimal/asets/fonts/fa-solid-900.eot]
[distinguishedbroker.com/assets/templates/minimal/asets/fonts/fa-solid-900.woff2]
[distinguishedbroker.com/assets/templates/minimal/asets/fonts/fa-solid-900d41dd41d.eot]
[distinguishedbroker.com/assets/templates/minimal/asets/fonts/fa-solid-900.woff]
[distinguishedbroker.com/assets/templates/minimal/asets/fonts/fa-brands-400.svg]
[distinguishedbroker.com/assets/templates/minimal/asets/css/plugins/font-awesome.min.css]
[distinguishedbroker.com/assets/templates/minimal/asets/css/plugins/swiper-bundle.min.css]
[distinguishedbroker.com/assets/templates/minimal/asets/css/plugins/animate.min.css]
[distinguishedbroker.com/assets/templates/minimal/asets/css/plugins/odometer-theme-default.min.css]
[distinguishedbroker.com/assets/templates/minimal/asets/css/plugins/fancybox.min.css]
[distinguishedbroker.com/assets/templates/minimal/asets/css/plugins/magnific-pupup.css]
[distinguishedbroker.com/assets/templates/minimal/asets/images/service/service-side.png]
[distinguishedbroker.com/assets/templates/minimal/asets/fonts/fa-solid-900.ttf]
[distinguishedbroker.com/assets/templates/minimal/asets/css/style.css]
[distinguishedbroker.com/assets/templates/minimal/asets/fonts/fa-solid-900.svg]
[distinguishedbroker.com/assets/templates/minimal/webfonts/fa-brands-400d41d.eot]
[distinguishedbroker.com/assets/templates/minimal/webfonts/fa-brands-400.eot]
[distinguishedbroker.com/assets/templates/minimal/webfonts/fa-brands-400.woff2]
[distinguishedbroker.com/assets/templates/minimal/webfonts/fa-brands-400.woff]
[distinguishedbroker.com/assets/templates/minimal/webfonts/fa-brands-400.ttf]
[distinguishedbroker.com/assets/templates/minimal/webfonts/fa-regular-400.eot]
[distinguishedbroker.com/assets/templates/minimal/webfonts/fa-regular-400.woff2]
[distinguishedbroker.com/assets/templates/minimal/webfonts/fa-regular-400d41d.eot]
[distinguishedbroker.com/assets/templates/minimal/webfonts/fa-regular-400.woff]
[distinguishedbroker.com/assets/templates/minimal/webfonts/fa-regular-400.ttf]
[distinguishedbroker.com/assets/templates/minimal/webfonts/fa-regular-400.svg]
[distinguishedbroker.com/assets/templates/minimal/webfonts/fa-solid-900d41d.eot]
[distinguishedbroker.com/assets/templates/minimal/webfonts/fa-solid-900.eot]
[distinguishedbroker.com/assets/templates/minimal/webfonts/fa-solid-900.woff2]
[distinguishedbroker.com/assets/templates/minimal/webfonts/fa-solid-900.woff]
[distinguishedbroker.com/assets/templates/minimal/webfonts/fa-brands-400.svg]
[distinguishedbroker.com/assets/templates/minimal/webfonts/fa-solid-900.ttf]
[distinguishedbroker.com/assets/templates/minimal/css/all.min.css]
[distinguishedbroker.com/assets/templates/minimal/css/nice-select.css]
[distinguishedbroker.com/assets/templates/minimal/css/owl.video.play.html]
[distinguishedbroker.com/assets/templates/minimal/css/owl.min.css]
[distinguishedbroker.com/assets/templates/minimal/blue/css/owl.theme.default.min.css]
[distinguishedbroker.com/assets/admin/css/iziToast.min.css]
[distinguishedbroker.com/assets/templates/minimal/css/img/footer-shape.png]
[distinguishedbroker.com/assets/templates/minimal/css/img/footer-shape2.png]
[distinguishedbroker.com/assets/templates/minimal/css/img/footer.png]
[distinguishedbroker.com/assets/templates/minimal/css/img/widget-contact-banner.png]
[distinguishedbroker.com/assets/templates/minimal/webfonts/fa-solid-900.svg]
[distinguishedbroker.com/assets/templates/assets/images/client/client-shape.html]
[distinguishedbroker.com/assets/templates/assets/images/client/client-quote.html]
[distinguishedbroker.com/assets/templates/minimal/css/img/client-shape02.png]
[distinguishedbroker.com/assets/templates/minimal/css/img/client-shape03.png]
[distinguishedbroker.com/assets/templates/minimal/css/img/profit.png]
[distinguishedbroker.com/assets/templates/assets/images/investment/hyip.html]
[distinguishedbroker.com/assets/templates/minimal/css/img/become-investor.png]
[distinguishedbroker.com/assets/templates/minimal/css/img/invest2.png]
[distinguishedbroker.com/assets/templates/minimal/css/img/invest1.png]
[distinguishedbroker.com/assets/templates/minimal/css/img/page-header.png]
[distinguishedbroker.com/assets/templates/minimal/css/main.css]
[distinguishedbroker.com/plan.html]
[distinguishedbroker.com/aboutus.html]
[distinguishedbroker.com/services.html]
[distinguishedbroker.com/assets/templates/minimal/images/contact/mes1.png]
[distinguishedbroker.com/assets/templates/minimal/images/contact/mes2.png]
[distinguishedbroker.com/assets/templates/minimal/images/contact/addr1.png]
[distinguishedbroker.com/assets/templates/minimal/images/contact/addr2.png]
[distinguishedbroker.com/assets/templates/minimal/js/map.js]
[distinguishedbroker.com/contact.html]
[distinguishedbroker.com/assets/templates/minimal/asets/images/pictures_9.jpg]
[distinguishedbroker.com/user/login.html]
[distinguishedbroker.com/user/password/reset.html]
[distinguishedbroker.com/assets/admin/build/css/intlTelInput.css]
[distinguishedbroker.com/user/register.html]
[distinguishedbroker.com/assets/admin/build/js/intlTelInput.js]
[distinguishedbroker.com/service-details.html]
[distinguishedbroker.com/assets/templates/minimal/asets/images/pictures_7.jpg]
[distinguishedbroker.com/assets/admin/css/dashboard.min.css]
[distinguishedbroker.com/assets/admin/css/custom.css]
[distinguishedbroker.com/assets/images/error-404.png]
[distinguishedbroker.com/assets/admin/js/main.js]
[distinguishedbroker.com/assets/admin/js/nicEdit.js]
[distinguishedbroker.com/assets/templates/minimal/blue/images/slider/corporate profile.html]
[distinguishedbroker.com/assets/templates/minimal/blue/images/slider/rep_profile.pdf]
[distinguishedbroker.com/assets/admin/js/dashboard.min.js]
[distinguishedbroker.com/rules.html]
[distinguishedbroker.com/assets/templates/minimal/asets/js/vendor/modernizr-3.11.7.min.js]
[distinguishedbroker.com/assets/templates/minimal/asets/js/vendor/jquery-3.6.0.min.js]
[distinguishedbroker.com/assets/templates/minimal/asets/js/vendor/jquery-migrate-3.3.2.min.js]
[distinguishedbroker.com/assets/templates/minimal/asets/js/vendor/bootstrap.min.js]
[distinguishedbroker.com/assets/templates/minimal/asets/js/plugins/magnificpopup.min.js]
[distinguishedbroker.com/assets/templates/minimal/asets/js/plugins/swiper-bundle.min.js]
[distinguishedbroker.com/assets/templates/minimal/asets/js/plugins/tilt.jquery.min.js]
[distinguishedbroker.com/assets/templates/minimal/asets/js/plugins/odometer.min.js]
[distinguishedbroker.com/assets/templates/minimal/asets/js/plugins/isotope.min.js]
[distinguishedbroker.com/assets/templates/minimal/asets/js/plugins/imagesloaded.min.js]
[distinguishedbroker.com/assets/templates/minimal/asets/js/plugins/waypoint.min.js]
[distinguishedbroker.com/assets/templates/minimal/asets/js/plugins/wow.min.js]
[distinguishedbroker.com/assets/templates/minimal/asets/js/plugins/fancybox.min.js]
[distinguishedbroker.com/assets/templates/minimal/asets/js/plugins/jquery.ajaxchimp.min.js]
[distinguishedbroker.com/assets/templates/minimal/asets/js/main.js]
[distinguishedbroker.com/assets/templates/minimal/asets/js/pages/home.js]
[distinguishedbroker.com/assets/templates/minimal/callix/js/popper.min.js]
[distinguishedbroker.com/assets/templates/minimal/callix/js/jquery-ui.js]
[distinguishedbroker.com/assets/templates/minimal/callix/js/owl.js]
[distinguishedbroker.com/assets/templates/minimal/callix/js/knob.js]
[distinguishedbroker.com/assets/templates/minimal/callix/js/paroller.js]
[distinguishedbroker.com/assets/templates/minimal/callix/js/tilt.js]
[distinguishedbroker.com/assets/templates/minimal/callix/js/appear.js]
[distinguishedbroker.com/assets/templates/minimal/callix/js/wow.js]
[distinguishedbroker.com/assets/templates/minimal/callix/js/element-in-view.js]
[distinguishedbroker.com/assets/templates/minimal/callix/js/custom-script.js]
[distinguishedbroker.com/assets/templates/minimal/assets/js/plugin.js]
[distinguishedbroker.com/assets/templates/minimal/assets/js/jquery-validate.js]
[distinguishedbroker.com/assets/templates/minimal/assets/js/countto.js]
[distinguishedbroker.com/assets/templates/minimal/assets/js/shortcodes.js]
[distinguishedbroker.com/assets/templates/minimal/assets/js/main.js]
[distinguishedbroker.com/assets/templates/minimal/blue/js/jquery.counterup.min.js]
[distinguishedbroker.com/assets/templates/minimal/blue/js/waypoints.min.js]
[distinguishedbroker.com/assets/templates/minimal/blue/js/jquery.colorbox.js]
[distinguishedbroker.com/assets/templates/minimal/blue/js/raphael-min.js]
[distinguishedbroker.com/assets/templates/minimal/blue/js/custom.js]
[distinguishedbroker.com/assets/templates/minimal/js/modernizr-3.6.0.min.js]
[distinguishedbroker.com/assets/templates/minimal/js/plugins.js]
[distinguishedbroker.com/popper.bb.delayed]
[distinguishedbroker.com/assets/templates/minimal/js/bootstrap.min.js]
[distinguishedbroker.com/assets/templates/minimal/js/isotope.pkgd.min.js]
[distinguishedbroker.com/assets/templates/minimal/js/viewport.jquery.js]
[distinguishedbroker.com/assets/templates/minimal/js/nice-select.js]
[distinguishedbroker.com/assets/admin/js/iziToast.min.js]
[distinguishedbroker.com/assets/templates/minimal/js/main.js]
[distinguishedbroker.com/assets/templates/minimal/asets/fonts/fa-brands-400.svg]
[distinguishedbroker.com/assets/templates/minimal/asets/fonts/fa-regular-400.svg]
[distinguishedbroker.com/assets/templates/minimal/asets/fonts/fa-solid-900.svg]
[distinguishedbroker.com/assets/templates/minimal/webfonts/fa-brands-400.svg]
[distinguishedbroker.com/assets/templates/minimal/webfonts/fa-regular-400.svg]
[distinguishedbroker.com/assets/templates/minimal/webfonts/fa-solid-900.svg]
[distinguishedbroker.com/assets/templates/minimal/css/owl.video.play.html]
[distinguishedbroker.com/assets/templates/assets/images/client/client-shape.html]
[distinguishedbroker.com/assets/templates/assets/images/client/client-quote.html]
[distinguishedbroker.com/assets/templates/assets/images/investment/hyip.html]
[distinguishedbroker.com/assets/templates/minimal/js/map.js]
[distinguishedbroker.com/user/password/reset.html]
[distinguishedbroker.com/assets/templates/minimal/asets/fonts/fa-brands-400.eot]
[distinguishedbroker.com/assets/templates/minimal/asets/images/pictures_9.jpg]
[distinguishedbroker.com/assets/admin/build/img/flags.png]
[distinguishedbroker.com/assets/admin/build/img/flags@2x.png]
[distinguishedbroker.com/assets/admin/build/css/intlTelInput.css]
[distinguishedbroker.com/assets/templates/minimal/css/img/footer.png]
[distinguishedbroker.com/assets/admin/build/js/intlTelInput.js]
[distinguishedbroker.com/assets/admin/fonts/fontawesome-webfont3e6e.eot]
[distinguishedbroker.com/assets/admin/fonts/fontawesome-webfont3e6e.woff2]
[distinguishedbroker.com/assets/admin/fonts/fontawesome-webfontd41d.eot]
[distinguishedbroker.com/assets/admin/fonts/fontawesome-webfont3e6e.woff]
[distinguishedbroker.com/assets/admin/css/reset.html]
[distinguishedbroker.com/assets/admin/fonts/fontawesome-webfont3e6e.ttf]
[distinguishedbroker.com/assets/admin/css/color.html]
[distinguishedbroker.com/assets/admin/css/global.html]
[distinguishedbroker.com/assets/admin/css/navbar.html]
[distinguishedbroker.com/assets/admin/fonts/fontawesome-webfont3e6e.svg]
[distinguishedbroker.com/assets/admin/css/sidebar.html]
[distinguishedbroker.com/assets/admin/css/data-table-custom.css]
[distinguishedbroker.com/assets/admin/css/widget.css]
[distinguishedbroker.com/assets/admin/css/chat.html]
[distinguishedbroker.com/assets/admin/css/profile.html]
[distinguishedbroker.com/assets/admin/css/signin.css]
[distinguishedbroker.com/assets/admin/css/signup.css]
[distinguishedbroker.com/assets/admin/css/timeline.css]
[distinguishedbroker.com/assets/admin/css/button.html]
[distinguishedbroker.com/assets/admin/css/modal.html]
[distinguishedbroker.com/assets/admin/css/dashboard.min.css]
[distinguishedbroker.com/assets/admin/css/custom.css]
[distinguishedbroker.com/assets/admin/css/other.html]
[distinguishedbroker.com/assets/admin/js/dashboard.min.js]
[distinguishedbroker.com/assets/admin/js/main.js]
[distinguishedbroker.com/assets/admin/js/nicEdit.js]
[distinguishedbroker.com/popper.html]
[distinguishedbroker.com/assets/templates/minimal/js/isotope.pkgd.min.js]
[distinguishedbroker.com/assets/templates/minimal/blue/images/slider/POST.html]
[s3.tradingview.com/external-embedding/embed-widget-screener.js]
[distinguishedbroker.com/assets/admin/fonts/fontawesome-webfont3e6e.svg]
[distinguishedbroker.com/assets/admin/css/reset.html]
[distinguishedbroker.com/assets/admin/css/color.html]
[distinguishedbroker.com/assets/admin/css/global.html]
[distinguishedbroker.com/assets/admin/css/navbar.html]
[distinguishedbroker.com/assets/admin/css/sidebar.html]
[distinguishedbroker.com/assets/admin/css/text.css]
[distinguishedbroker.com/assets/admin/css/data-table-custom.css]
[distinguishedbroker.com/assets/admin/css/widget.css]
[distinguishedbroker.com/assets/admin/css/chat.html]
[distinguishedbroker.com/assets/admin/css/profile.html]
[distinguishedbroker.com/assets/admin/css/signin.css]
[distinguishedbroker.com/assets/admin/css/signup.css]
[distinguishedbroker.com/assets/admin/css/timeline.css]
[distinguishedbroker.com/assets/admin/css/button.html]
[distinguishedbroker.com/assets/admin/css/modal.html]
[distinguishedbroker.com/assets/admin/css/other.html]
[distinguishedbroker.com/assets/templates/minimal/blue/images/slider/POST.html]
[distinguishedbroker.com/assets/templates/minimal/blue/images/slider/rep_profile.pdf]
[code.tidio.co_443/pnw89o7opmubipyrpot0lw8tq0gsrjaq.js]
[distinguishedbroker.com/assets/templates/minimal/asets/images/pictures_9.jpg]
